[d11] 사람 8 · 사진 64

[01] n3/r3/f2 · 얼굴형 near round,square,round | rear1x square,square,square | far square,square
   jawRaw near 0.796 0.806 0.797 | rear 0.815 0.816 0.830 | far 0.817 0.823
   cheonJiW near 1.216 1.191 1.216 | rear 1.162 1.157 1.125 | far 1.147 1.138

[02] n3/r3/f2 · 얼굴형 near square,round,round | rear1x round,square,square | far square,square
   jawRaw near 0.800 0.795 0.788 | rear 0.792 0.798 0.825 | far 0.804 0.813
   cheonJiW near 1.186 1.201 1.211 | rear 1.210 1.187 1.134 | far 1.167 1.152

[03] n3/r3/f2 · 얼굴형 near square,square,square | rear1x square,square,square | far square,square
   jawRaw near 0.828 0.830 0.818 | rear 0.830 0.816 0.819 | far 0.851 0.855
   cheonJiW near 1.139 1.137 1.159 | rear 1.135 1.159 1.164 | far 1.086 1.075

[04] n3/r3/f2 · 얼굴형 near round,round,round | rear1x round,round,round | far round,round
   jawRaw near 0.776 0.781 0.787 | rear 0.779 0.774 0.773 | far 0.796 0.795
   cheonJiW near 1.252 1.232 1.227 | rear 1.238 1.252 1.257 | far 1.197 1.193

[05] n3/r3/f2 · 얼굴형 near round,long,round | rear1x round,long,round | far long,long
   jawRaw near 0.789 0.782 0.785 | rear 0.795 0.791 0.783 | far 0.782 0.796
   cheonJiW near 1.227 1.244 1.246 | rear 1.210 1.220 1.243 | far 1.230 1.200

[06] n3/r3/f2 · 얼굴형 near round,square,square | rear1x round,round,square | far square,square
   jawRaw near 0.793 0.803 0.797 | rear 0.796 0.790 0.798 | far 0.810 0.812
   cheonJiW near 1.195 1.170 1.185 | rear 1.196 1.214 1.187 | far 1.158 1.156

[07] n3/r2/f3 · 얼굴형 near inv,inv,inv | rear1x round,round | far round,round,long
   jawRaw near 0.773 0.758 0.759 | rear 0.783 0.781 | far 0.795 0.793 0.790
   cheonJiW near 1.264 1.290 1.291 | rear 1.227 1.226 | far 1.184 1.190 1.195

[08] n3/r2/f3 · 얼굴형 near inv,round,inv | rear1x square,round | far round,square,round
   jawRaw near 0.767 0.784 0.760 | rear 0.797 0.796 | far 0.796 0.799 0.794
   cheonJiW near 1.278 1.242 1.296 | rear 1.187 1.189 | far 1.183 1.174 1.183

축                  모형n/f |  near/far 중앙[최소~최대] | rear1x/far 중앙[최소~최대] | near/rear1x 중앙[최소~최대]
jawRatio            1.018 | 0.976 [0.957~0.995]      | 0.987 [0.960~1.002]      | 0.994 [0.964~1.011]
cheonI              1.000 | 1.040 [0.837~1.381]      | 0.970 [0.747~1.345]      | 1.050 [0.995~1.280]
cheonJiWidth        1.007 | 1.045 [1.024~1.084]      | 1.027 [1.004~1.073]      | 1.015 [0.982~1.076]
whRatio             0.931 | 0.965 [0.936~0.984]      | 0.956 [0.934~1.001]      | 1.000 [0.976~1.011]
lowerUpperWidth     0.993 | 0.957 [0.922~0.976]      | 0.974 [0.932~0.996]      | 0.985 [0.930~1.018]
cheonJiHeight         -   | 1.168 [1.002~1.338]      | 1.107 [1.017~1.141]      | 1.046 [0.881~1.315]
symmetry            1.000 | 1.044 [0.839~1.168]      | 0.967 [0.766~1.122]      | 1.016 [0.887~1.359]
thirds              1.022 | 0.957 [0.798~1.158]      | 0.998 [0.910~1.144]      | 0.962 [0.797~1.067]
eyeSize             1.054 | 1.044 [1.006~1.069]      | 1.031 [1.013~1.038]      | 1.015 [0.987~1.037]
noseWRatio          1.080 | 1.014 [0.972~1.094]      | 1.029 [0.997~1.055]      | 0.998 [0.941~1.037]
mouthRatio          1.073 | 0.997 [0.925~1.058]      | 1.035 [0.972~1.116]      | 0.983 [0.844~1.016]
