축                 v1계수  | 관측 n/f 사람별(01 02 03 04 05 06 07 08 P2 J0) | 중앙 | 오차중앙 무보정 / v1 / LOPO
whRatio           0.931  | 0.963 0.956 0.936 0.948 0.967 0.977 0.984 0.967 0.949 0.924 | 0.960 | 4.12% / 2.98% / 1.52%
jawRatio            -    | 0.971 0.984 0.971 0.981 0.995 0.983 0.957 0.965 0.992 0.994 | 0.982 | 1.80% / 1.80% / 1.17%
foreheadRatio     1.025  | 1.033 1.019 1.024 1.015 1.014 1.007 1.036 1.044 1.013 1.019 | 1.019 | 1.86% / 1.03% / 0.55%
eyeAspect           -    | 1.045 0.913 0.744 0.860 0.904 0.965 0.866 0.891 0.971 0.996 | 0.909 | 9.58% / 9.58% / 6.24%
eyeSize           1.054  | 1.055 1.012 1.044 1.038 1.043 1.006 1.069 1.068 1.046 1.042 | 1.044 | 4.27% / 1.22% / 0.83%
noseWRatio        1.079  | 1.094 0.979 0.972 0.979 1.048 0.978 1.058 1.056 1.093 1.065 | 1.052 | 5.05% / 2.60% / 6.23%
noseHRatio          -    | 1.086 0.992 1.081 1.016 1.055 1.008 1.082 1.104 1.029 1.018 | 1.042 | 4.11% / 4.11% / 4.36%
noseDorsum          -    | 0.962 0.978 0.933 0.950 0.988 0.987 0.960 0.936 0.991 0.998 | 0.970 | 3.03% / 3.03% / 2.79%
mouthRatio        1.073  | 1.038 0.941 0.975 0.925 1.048 0.965 1.058 1.018 1.100 1.064 | 1.028 | 5.18% / 4.24% / 6.40%
lipThickness        -    | 1.076 1.004 0.925 1.067 0.981 1.054 1.104 1.030 1.041 1.100 | 1.047 | 5.85% / 5.85% / 4.31%
myungGung         1.083  | 1.158 1.003 1.076 1.082 1.071 1.046 1.177 1.175 1.057 1.095 | 1.079 | 7.63% / 2.92% / 2.89%
jaNyeo              -    | 0.951 1.072 0.942 1.017 0.993 1.041 0.921 0.918 1.004 1.010 | 0.999 | 4.52% / 4.52% / 4.79%
jilAek            1.084  | 1.097 1.003 1.014 1.037 1.051 1.016 1.088 1.102 1.069 1.071 | 1.060 | 5.81% / 2.39% / 4.15%
jeonTaek            -    | 1.086 1.159 0.998 1.062 1.007 1.052 1.124 0.994 0.946 1.131 | 1.057 | 5.78% / 5.78% / 6.40%
browLength        1.057  | 1.040 1.017 1.026 1.023 1.027 1.003 1.038 1.045 1.035 1.041 | 1.031 | 3.05% / 2.49% / 1.26%
browThick           -    | 1.073 1.064 1.106 1.000 0.995 1.000 1.084 1.071 1.048 1.011 | 1.056 | 5.44% / 5.44% / 3.88%
gwanGol             -    | 0.991 0.995 0.992 0.996 0.997 0.997 0.989 0.989 0.998 0.997 | 0.995 | 0.48% / 0.48% / 0.28%
inJung              -    | 1.003 1.209 1.050 1.025 1.009 1.079 0.971 0.885 1.050 1.052 | 1.037 | 4.86% / 4.86% / 3.69%
chin              0.979  | 0.818 1.004 0.875 0.890 0.901 0.910 0.759 0.816 0.917 0.956 | 0.895 | 11.05% / 8.90% / 4.73%
upperOverRest       -    | 1.098   -     -   0.974   -   0.970 1.174 1.202 1.039   -   | 1.068 | 6.57% / 6.57% / 12.11%
midOverLow        1.020  | 1.126 1.039 1.143 1.058 1.098 1.030 1.215 1.201 1.062 1.038 | 1.080 | 7.70% / 5.67% / 4.88%
