[A] 참조표 앵커 — 표준 얼굴이 합성 모집단의 중심에 놓이는가
  FAIL A1 합성 생성기 무잡음(중심값) 계측 == 표준 얼굴 계측 (30축 · 비 3% / 각·% 0.5) — 어긋난 16축: whRatio 0.8100≠0.8677 · eyeAspect 3.1000≠3.8656 · eyeSize 0.2150≠0.1689 · eyeTilt -3.2864≠-1.7419 · noseWRatio 0.2650≠0.2330 · mouthRatio 0.3476≠0.3205 · lipThickness 0.0936≠0.0799 · thirds 0.6667≠0.4592 · myungGung 0.1100≠0.1593 · jilAek 0.0700≠0.1235 · jeonTaek 0.0061≠0.1210 · browThick 0.0300≠0.0169 · chin 0.1628≠0.2286 · upperThirdPct 38.0000≠28.2519 · lowerThirdPct 37.0000≠46.8522 · cheonJiHeight 1.0270≠0.6030
  FAIL A2 index.html 참조표에서 표준 얼굴 랭크 ∈ [0.2,0.8] (REL 24축) — 13축 이탈: whRatio 0.82 · eyeAspect 0.96 · eyeSize 0.04 · noseWRatio 0.08 · noseDorsum 0.00 · lipThickness 0.09 · myungGung 0.98 · jilAek 1.00 · jeonTaek 1.00 · browThick 0.03 · chin 1.00 · upperThirdPct 0.00 · lowerThirdPct 0.99
  ok   A3 index.html 내장 참조표 == face_core built — REF-SYNTH-v786-20260904
[B] 눈썹 윤곽 — 63/66 은 윗윤곽(70→63→105→66→107), 하단 윤곽은 46→53→52→65→55
  FAIL B1 표준 얼굴 browThick(눈썹 윗선↔아랫선) ∈ [0.025,0.045] — 0.0169
  FAIL B2 표준 얼굴 jeonTaek(눈썹 아랫선↔상안검) ∈ [0.06,0.11] — 0.1210
[C] 프리미엄 칸별 — 가장 흔한 문장 비율 ≤ 90%
  FAIL C1 명궁(命宮) 최다 문장 ≤ 90% — 98.5% · 문장 2종
  ok   C2 재백궁(財帛宮) 최다 문장 ≤ 90% — 77.3% · 문장 2종
  FAIL C3 관록궁(官祿宮) 최다 문장 ≤ 90% — 100.0% · 문장 1종
  INFO 천이궁(遷移宮) (ABS) 최다 문장 89.6% · 문장 2종
  ok   C4 부처궁(夫妻宮) 최다 문장 ≤ 90% — 52.3% · 문장 2종
  FAIL C5 자녀궁(子女宮) 최다 문장 ≤ 90% — 100.0% · 문장 2종
  FAIL C6 질액궁(疾厄宮) 최다 문장 ≤ 90% — 100.0% · 문장 1종
  FAIL C7 전택궁(田宅宮) 최다 문장 ≤ 90% — 100.0% · 문장 1종
  INFO 보수관(保壽官) — 눈썹 (ABS) 최다 문장 94.3% · 문장 2종
  ok   C8 감찰관(監察官) — 눈 최다 문장 ≤ 90% — 78.9% · 문장 2종
  ok   C9 심관(審辨官) — 코 최다 문장 ≤ 90% — 50.6% · 문장 2종
  FAIL C10 출납관(出納官) — 입 최다 문장 ≤ 90% — 100.0% · 문장 2종
  FAIL C11 삼정·상정 최다 문장 ≤ 90% — 100.0% · 문장 1종
  FAIL C12 삼정·중정 최다 문장 ≤ 90% — 100.0% · 문장 1종
  ok   C13 삼정·하정 최다 문장 ≤ 90% — 84.4% · 문장 2종
  INFO 삼정·균형 (ABS) 최다 문장 94.0% · 문장 2종
  FAIL C14 명궁(命宮) 등급 최다 ≤ 90% — 상 98.5% · 중 1.5%
  ok   C15 재백궁(財帛宮) 등급 최다 ≤ 90% — 상 77.3% · 중 22.0% · 하 0.8%
  FAIL C16 관록궁(官祿宮) 등급 최다 ≤ 90% — 상 100.0%
  ok   C17 부처궁(夫妻宮) 등급 최다 ≤ 90% — 상 47.7% · 하 52.3%
  FAIL C18 자녀궁(子女宮) 등급 최다 ≤ 90% — 상 100.0% · 중 0.0%
  FAIL C19 질액궁(疾厄宮) 등급 최다 ≤ 90% — 하 90.6% · 중 9.4%
  FAIL C20 전택궁(田宅宮) 등급 최다 ≤ 90% — 하 100.0% · 중 0.0%
[D] 결제 블록 부위 선택
  ok   D1 결제 블록 최다 부위 ≤ 90% — 삼정(三停) 63.0% · 코(재백궁) 22.7% · 좌우 균형 11.0% · (기본) 3.2%
[E] 부처궁 눈꼬리 문장 방향
  FAIL E1 눈꼬리를 올리면(tilt<0) 「올라가」 문장 — tilt -12.6° → 눈꼬리가 부드럽게 내려가 …
  FAIL E2 눈꼬리를 내리면(tilt>0) 「내려가」 문장 — tilt 9.2° → 눈꼬리가 올라가 있어 주도…
  INFO 표준 얼굴 무료 화면 분류: 역삼각형 / 가늘고 긴 눈 / 높고 오똑한 코 / 얇은 입술
[p15_premium_skew] total=28 pass=9 fail=19 · FAIL A1,A2,B1,B2,C1,C3,C5,C6,C7,C10,C11,C12,C14,C16,C18,C19,C20,E1,E2
