[A] 참조표 앵커 — 표준 얼굴이 합성 모집단의 중심에 놓이는가
  ok   A1 합성 생성기 무잡음(중심값) 계측 == 표준 얼굴 계측 (30축 · 비 3% / 각·% 0.5) — 30축 일치
  ok   A2 index.html 참조표에서 표준 얼굴 랭크 ∈ [0.2,0.8] (REL 24축) — 전 축 중앙권
  ok   A3 index.html 내장 참조표 == face_core built — REF-SYNTH-v786-20260904
[B] 눈썹 윤곽 — 63/66 은 윗윤곽(70→63→105→66→107), 하단 윤곽은 46→53→52→65→55
  ok   B1 표준 얼굴 browThick(눈썹 윗선↔아랫선) ∈ [0.025,0.045] — 0.0340
  ok   B2 표준 얼굴 jeonTaek(눈썹 아랫선↔상안검) ∈ [0.06,0.11] — 0.0874
[C] 프리미엄 칸별 — 가장 흔한 문장 비율 ≤ 90%
  ok   C1 명궁(命宮) 최다 문장 ≤ 90% — 50.1% · 문장 2종
  ok   C2 재백궁(財帛宮) 최다 문장 ≤ 90% — 50.7% · 문장 2종
  ok   C3 관록궁(官祿宮) 최다 문장 ≤ 90% — 50.0% · 문장 2종
  INFO 천이궁(遷移宮) (ABS) 최다 문장 89.6% · 문장 2종
  ok   C4 부처궁(夫妻宮) 최다 문장 ≤ 90% — 63.5% · 문장 2종
  ok   C5 자녀궁(子女宮) 최다 문장 ≤ 90% — 50.3% · 문장 2종
  ok   C6 질액궁(疾厄宮) 최다 문장 ≤ 90% — 50.2% · 문장 2종
  ok   C7 전택궁(田宅宮) 최다 문장 ≤ 90% — 50.3% · 문장 2종
  INFO 보수관(保壽官) — 눈썹 (ABS) 최다 문장 99.7% · 문장 2종
  ok   C8 감찰관(監察官) — 눈 최다 문장 ≤ 90% — 50.4% · 문장 2종
  ok   C9 심관(審辨官) — 코 최다 문장 ≤ 90% — 50.5% · 문장 2종
  ok   C10 출납관(出納官) — 입 최다 문장 ≤ 90% — 50.6% · 문장 2종
  ok   C11 삼정·상정 최다 문장 ≤ 90% — 50.8% · 문장 2종
  ok   C12 삼정·중정 최다 문장 ≤ 90% — 50.5% · 문장 2종
  ok   C13 삼정·하정 최다 문장 ≤ 90% — 50.3% · 문장 2종
  INFO 삼정·균형 (ABS) 최다 문장 99.7% · 문장 3종
  ok   C14 명궁(命宮) 등급 최다 ≤ 90% — 중 39.8% · 상 29.8% · 하 30.4%
  ok   C15 재백궁(財帛宮) 등급 최다 ≤ 90% — 하 30.3% · 상 29.4% · 중 40.2%
  ok   C16 관록궁(官祿宮) 등급 최다 ≤ 90% — 중 40.1% · 상 29.9% · 하 30.0%
  ok   C17 부처궁(夫妻宮) 등급 최다 ≤ 90% — 상 63.5% · 하 36.5%
  ok   C18 자녀궁(子女宮) 등급 최다 ≤ 90% — 중 39.7% · 상 30.5% · 하 29.9%
  ok   C19 질액궁(疾厄宮) 등급 최다 ≤ 90% — 중 39.8% · 상 30.4% · 하 29.8%
  ok   C20 전택궁(田宅宮) 등급 최다 ≤ 90% — 중 39.8% · 하 29.8% · 상 30.4%
[D] 결제 블록 부위 선택
  ok   D1 결제 블록 최다 부위 ≤ 90% — 삼정(三停) 42.3% · 코(재백궁) 30.3% · 입술(출납관) 17.2% · 좌우 균형 10.0% · (기본) 0.1%
[E] 부처궁 눈꼬리 문장 방향
  ok   E1 눈꼬리를 올리면(tilt<0) 「올라가」 문장 — tilt -12.6° → 눈꼬리가 올라가 있어 주도…
  ok   E2 눈꼬리를 내리면(tilt>0) 「내려가」 문장 — tilt 9.2° → 눈꼬리가 부드럽게 내려가 …
  INFO 표준 얼굴 무료 화면 분류: 역삼각형 / 둥근 눈 / 높고 오똑한 코 / 작은 입
[p15_premium_skew] total=28 pass=28 fail=0
