REF REF-SYNTH-v794-REALANCHOR-20260930 · n 25 · 머리선 OK 8
axis              G26g   G26n   OLDg   FLAT   Δ(G26n−FLAT) 원시값비
whRatio           0.10   0.12   0.09   0.82   0.932
jawRatio          0.94   0.93   0.56   0.73   1.021
foreheadRatio     0.61   0.35   0.73   0.21   1.009
eyeAspect         0.89   0.83   0.63   0.59   1.073
eyeSize           0.86   0.49   0.92   0.25   1.019
eyeTilt           0.95   0.96   0.75   0.60   -0.142
noseWRatio        0.94   0.76   0.89   0.49   1.051
noseHRatio        0.30   0.21   0.71   0.60   0.938
noseDorsum        0.80   0.81   0.68   0.71   1.012
mouthRatio        0.64   0.44   0.68   0.38   1.021
lipThickness      0.93   0.92   0.81   0.53   1.155
myungGung         0.95   0.78   0.95   0.36   1.071
jaNyeo            0.86   0.93   0.67   0.78   1.055
jilAek            0.96   0.91   0.95   0.38   1.064
jeonTaek          0.93   0.89   0.85   0.32   1.346
browLength        0.77   0.79   0.90   0.23   1.036
browAngle         0.07   0.05   0.23   0.33   2.729
browThick         0.07   0.11   0.41   0.35   0.944
gwanGol           0.65   0.88   0.40   0.77   1.002
inJung            0.70   0.69   0.64   0.55   1.101
chin              0.87   0.92   0.54   0.66   1.119
upperOverRest     0.04   0.03   0.07    -     NaN
midOverLow        0.25   0.20   0.48   0.46   0.927
