REF REF-SYNTH-v794-REALANCHOR-20260930 · n 40 · 머리선 OK 16
axis               JgN    JnN    JgF    JnF    PnN    PnF   OLDg   FLAT   J근/원 P근/원 (원시값비)
whRatio           0.10   0.12   0.85   0.80   0.48   0.92   0.09   0.82   0.924  0.949
jawRatio          0.94   0.93   0.95   0.91   0.67   0.79   0.56   0.73   0.994  0.992
foreheadRatio     0.61   0.35   0.07   0.11   0.24   0.09   0.73   0.21   1.019  1.013
eyeAspect         0.89   0.83   0.91   0.83   0.89   0.92   0.63   0.59   0.996  0.971
eyeSize           0.86   0.49   0.10   0.10   0.74   0.18   0.92   0.25   1.042  1.046
eyeTilt           0.95   0.96   0.96   0.94   0.61   0.83   0.75   0.60   -0.590  1.559
noseWRatio        0.94   0.76   0.62   0.41   0.91   0.56   0.89   0.49   1.065  1.093
noseHRatio        0.30   0.21   0.05   0.18   0.66   0.47   0.71   0.60   1.018  1.029
noseDorsum        0.80   0.81   0.91   0.79   0.79   0.83   0.68   0.71   0.998  0.991
mouthRatio        0.64   0.44   0.44   0.28   0.69   0.41   0.68   0.38   1.064  1.100
lipThickness      0.93   0.92   0.88   0.66   0.80   0.67   0.81   0.53   1.100  1.041
myungGung         0.95   0.78   0.36   0.25   0.81   0.48   0.95   0.36   1.095  1.057
jaNyeo            0.86   0.93   0.89   0.90   0.73   0.71   0.67   0.78   1.010  1.004
jilAek            0.96   0.91   0.61   0.29   0.95   0.53   0.95   0.38   1.071  1.069
jeonTaek          0.93   0.89   0.92   0.66   0.86   0.91   0.85   0.32   1.131  0.946
browLength        0.77   0.79   0.28   0.19   0.55   0.11   0.90   0.23   1.041  1.035
browAngle         0.07   0.05   0.05   0.11   0.44   0.14   0.23   0.33   1.312  0.439
browThick         0.07   0.11   0.06   0.20   0.63   0.32   0.41   0.35   1.011  1.048
gwanGol           0.65   0.88   0.95   0.92   0.89   0.93   0.40   0.77   0.997  0.998
inJung            0.70   0.69   0.62   0.62   0.53   0.47   0.64   0.55   1.052  1.050
chin              0.87   0.92   0.96   0.94   0.29   0.62   0.54   0.66   0.956  0.917
upperOverRest     0.04   0.03   0.03    -     0.08   0.05   0.07    -     NaN  1.039
midOverLow        0.25   0.20   0.05   0.15   0.78   0.57   0.48   0.46   1.038  1.062
