nose tip z 7.475604 side 234 z -2.435867 width 234-454 15.33
axis               d25    d30    d40    d60   d150    obs
whRatio          0.806  0.830  0.864  0.903  0.958  0.932
jawRatio         1.054  1.047  1.037  1.026  1.011  1.021
foreheadRatio    1.078  1.068  1.053  1.038  1.016  1.009
eyeAspect        0.950  0.958  0.967  0.977  0.991  1.073
eyeSize          1.173  1.149  1.115  1.080  1.033  1.019
eyeTilt          0.339  0.438  0.568  0.704  0.878  -0.142
noseWRatio       1.263  1.222  1.170  1.116  1.048  1.051
noseHRatio       1.055  1.046  1.035  1.024  1.010  0.938
noseDorsum        -      -      -      -      -     1.012
mouthRatio       1.237  1.202  1.155  1.106  1.044  1.021
lipThickness     0.983  0.986  0.990  0.993  0.997  1.155
myungGung        1.274  1.232  1.177  1.121  1.049  1.071
jaNyeo           0.998  0.998  0.999  0.999  1.000  1.055
jilAek           1.279  1.236  1.180  1.122  1.050  1.064
jeonTaek         1.052  1.044  1.034  1.023  1.010  1.346
browLength       1.183  1.156  1.121  1.084  1.035  1.036
browAngle        2.038  1.876  1.668  1.453  1.185  2.729
browThick        0.981  0.984  0.988  0.992  0.997  0.944
gwanGol          0.988  0.989  0.991  0.994  0.997  1.002
inJung           1.056  1.047  1.036  1.024  1.010  1.101
chin             0.934  0.944  0.958  0.971  0.988  1.119
upperOverRest     -      -      -      -      -     
midOverLow       1.066  1.055  1.042  1.028  1.011  0.927
