hairline  hl_h11                     -   0.75    1.0
hairline  hl_h17                     -   0.66    1.2
hairline  hl_h16                     -   0.89    1.2
hairline  hl_h01                     -   0.74    1.2
hairline  hl_h14                     -   0.91    1.4
hairline  hl_h07                     -   0.93    1.5
hairline  hl_h03                     -   0.97    1.7
hairline  hl_h18                     -   1.01    1.7
hairline  hl_h10                     -   1.39    2.2
hairline  hl_h21                     -   1.45    3.0
hairline  hl_h08                     -   1.45    3.6
hairline  hl_h15                     -   1.59    3.7
hairline  hl_h12                     -   1.35    3.7
hairline  hl_h19                     -   1.24    4.5
hairline  hl_h09                     -   2.33    4.7
hairline  hl_h05                     -   1.65    5.1
hairline  hl_h04                     -   2.07    6.8
hairline  hl_h13                     -   4.20    6.9
hairline  hl_h02                     G   7.59   20.0
hairline  hl_h23                     G   8.45   37.1
hairline  hl_h06                     G  14.46   37.8
hairline  hl_h22                     G   5.41   39.7
hairline  hl_h20                     G  16.48   59.4
selfie    jay_2023_nog_idphoto       -   0.83    1.3
selfie    jay_2026_nog_far_2         -   1.07    2.1
selfie    jay_2021_nog_studio        -   1.12    2.1
selfie    p2_2026_nog_far_3          -   0.95    2.1
selfie    p2_2026_nog_far_4          -   0.94    2.1
selfie    jay_2026_nog_guide_1       -   0.96    2.3
selfie    jay_2026_nog_guide_4       -   0.95    2.3
selfie    jay_2026_nog_far_1         -   1.10    2.3
selfie    p2_2026_nog_far_2          -   1.05    2.4
selfie    p2_2026_nog_far_1          -   1.05    2.4
selfie    p2_2026_nog_near_5         -   0.98    2.5
selfie    jay_2026_nog_guide_2       -   1.13    2.7
selfie    p2_2026_nog_far_5          -   1.15    2.8
selfie    jay_2026_nog_guide_5       -   1.09    2.8
selfie    jay_2026_nog_guide_3       -   1.16    2.9
selfie    p2_2026_nog_near_1         -   1.11    3.1
selfie    p2_2026_nog_near_3         -   1.22    3.2
selfie    p2_2026_nog_near_4         -   1.17    3.2
selfie    p2_2026_nog_near_2         -   1.21    3.2
selfie    jay_2011_g_selfie_b        G   2.81    7.8
selfie    jay_2011_g_selfie_c        G   3.64    9.3
selfie    jay_2011_g_selfie_close_a  G   5.30   13.5
selfie    jay_2026_g_far_3           G   5.18   14.4
selfie    jay_2011_g_selfie_close_b  G   4.67   14.4
selfie    jay_2026_g_guide_2         G   3.87   14.9
selfie    jay_2011_g_selfie_a        G   5.15   15.3
selfie    jay_2026_g_far_1           G   5.79   18.8
selfie    jay_2026_g_far_2           G   5.19   19.0
selfie    jay_2026_g_guide_5         G   6.66   23.6
selfie    jay_2026_g_guide_4         G   4.95   23.6
selfie    jay_2026_g_guide_3         G   4.47   25.2
selfie    jay_2018_g_selfie_b        G   6.06   28.3
selfie    jay_2018_g_selfie_a        G   7.56   34.9
selfie    jay_2026_g_guide_1         G   8.55   35.1
selfie    jay_2013_g_selfie_a        G   7.79   47.2
selfie    jay_2013_g_selfie_c        G   8.98   48.4
selfie    jay_2018_g_selfie_c        G  12.53   49.9
selfie    jay_2013_g_selfie_b        G   9.83   52.3
selfie    jay_2018_g_selfie_smile    G  22.87   66.5
selfie    jay_2013_g_selfie_d        G  12.71   69.6
셀카셋 음성 최대: peak 1.22 max 3.2
