whRatio        near g 0.15 n 0.19 t -0.3 | far g 0.83 n 0.80 Δ 0.02
jawRatio       near g 0.82 n 0.87 t -0.4 | far g 0.96 n 0.91 Δ 0.05
foreheadRatio  near g 0.59 n 0.41 t 1.0 | far g 0.14 n 0.11 Δ 0.03
eyeAspect      near g 0.86 n 0.83 t 0.6 | far g 0.88 n 0.83 Δ 0.05
eyeSize        near g 0.82 n 0.51 t 2.9 | far g 0.21 n 0.10 Δ 0.12
eyeTilt        near g 0.83 n 0.92 t -0.7 | far g 0.96 n 0.94 Δ 0.02
noseWRatio     near g 0.92 n 0.79 t 2.6 | far g 0.57 n 0.41 Δ 0.16
noseHRatio     near g 0.39 n 0.27 t 0.6 | far g 0.10 n 0.18 Δ -0.07
noseDorsum     near g 0.70 n 0.77 t -0.4 | far g 0.87 n 0.79 Δ 0.08
mouthRatio     near g 0.67 n 0.43 t 3.9 | far g 0.42 n 0.28 Δ 0.14
lipThickness   near g 0.84 n 0.87 t -0.4 | far g 0.83 n 0.66 Δ 0.18
myungGung      near g 0.92 n 0.76 t 3.0 | far g 0.42 n 0.25 Δ 0.16
jaNyeo         near g 0.74 n 0.91 t -1.3 | far g 0.87 n 0.90 Δ -0.03
jilAek         near g 0.95 n 0.90 t 1.9 | far g 0.56 n 0.29 Δ 0.28
jeonTaek       near g 0.91 n 0.80 t 1.5 | far g 0.91 n 0.66 Δ 0.24
browLength     near g 0.83 n 0.74 t 0.9 | far g 0.34 n 0.19 Δ 0.15
browAngle      near g 0.19 n 0.10 t 0.6 | far g 0.05 n 0.11 Δ -0.06
browThick      near g 0.27 n 0.24 t 0.1 | far g 0.06 n 0.20 Δ -0.14
gwanGol        near g 0.60 n 0.77 t -0.9 | far g 0.92 n 0.92 Δ 0.00
inJung         near g 0.68 n 0.69 t -0.2 | far g 0.62 n 0.62 Δ 0.00
chin           near g 0.74 n 0.81 t -0.4 | far g 0.96 n 0.94 Δ 0.02
midOverLow     near g 0.36 n 0.26 t 0.5 | far g 0.08 n 0.15 Δ -0.07
