[1] 캘리브레이션 60000건 · 29축 → face_core_v786.built.js (27.8KB)

[2] 평가 20000건 (CV 5/8/12% × 사진비 0.75~1.778, 캘리브와 독립 시드)

  축     | 현행                                    | v786
  -------+-----------------------------------------+----------------------------------------
  shape  | square:80.3 long:19.7                   | inv:46.5 square:28.1 long:25.4          
  eyes   | narrow:47.7 big:42.6 round:9.4 droopy:0.2| round:35.3 big:22.1 droopy:21.4 narrow:21.1
  nose   | wide:56.8 high:43.3                     | high:49.7 wide:31.2 small:12.2 hooked:6.8
  mouth  | small:84.0 thick:15.9 big:0.1 thin:0.0  | small:26.8 big:25.8 thick:23.9 thin:23.4

  4축 조합 (사용자가 화면에서 비교하게 되는 라벨 4개)
    현행 : 고유    37종  top1  23.13%  H 3.37bit  ★두 사용자 4축 전부 동일 13.09%
    v786 : 고유   192종  top1   3.12%  H 7.13bit  ★두 사용자 4축 전부 동일 0.92%
    v786 24축 시그니처: 고유 20000종  top1 0.01%  H 14.29bit  동일확률 0.00%

[3] 종합점수
    현행: 77~96  p05~p95 84~92  SD 2.51  고유값 20  최빈 87(18.19%)
    v786: 66~99  p05~p95 81~94  SD 4.03  고유값 33  최빈 91(11.79%)

[3b] ★축 분리 — 조화도(ABS·절대) vs 특징(REL·상대)
    조화도(和·ABS): 66~99  p05~p95 81~94  SD 4.03  최빈 91(11.79%)
      ⟹ 좁은 것이 정상입니다. 「三停均等」은 순위가 아니라 상태이므로 억지로 벌리면 그게 왜곡입니다.
    특징(格·REL) 상위5축 조합: 고유 19991종  top1 0.01%  H 14.29bit  두 사용자 동일 0.01%
      ⟹ 사람을 구분하는 일은 이쪽이 맡습니다.

[3c] ★五形 부합도 (★단일 확정이 아니라 최고 부합 오행의 분포)
    木:36.3%  水:29.3%  火:20.7%  金:13.7%
    고유 4/4  (土 는 센서 부재로 판정 불가 — 후보에서 제외)  H 1.91bit
      ★원문은 五形마다 색·몸통·살뼈·거동을 함께 본다. 우리가 잰 것은 형태 하나뿐이다.

[4] 사진 종횡비 불변성 (같은 얼굴, 사진 비율만 5종 변경 시 4축 판정 유지율)
    현행 0.02%   v786 100.00%   (표본 5000명)

[5] 도달 불가 분기 해소 여부
    shape  현행 2/4 [long,square]   →   v786 3/4 [square,long,inv]
    eyes   현행 4/4 [big,narrow,round,droopy]   →   v786 4/4 [round,big,droopy,narrow]
    nose   현행 2/4 [high,wide]   →   v786 4/4 [high,wide,small,hooked]
    mouth  현행 4/4 [small,thick,big,thin]   →   v786 4/4 [big,thick,small,thin]
