[1] 캘리브레이션 60000건 · 29축 → face_core_v786.built.js (26.2KB)

[2] 평가 20000건 (CV 5/8/12% × 사진비 0.75~1.778, 캘리브와 독립 시드)

  축     | 현행                                    | v786
  -------+-----------------------------------------+----------------------------------------
  shape  | square:85.2 long:14.8 round:0.1 inv:0.0 | inv:45.2 square:27.8 long:25.7 round:1.4
  eyes   | narrow:56.7 droopy:17.0 big:16.1 round:10.1| round:34.1 big:23.6 droopy:21.9 narrow:20.4
  nose   | high:97.0 small:2.7 wide:0.3            | high:49.3 wide:31.4 small:12.9 hooked:6.4
  mouth  | small:99.2 thick:0.8                    | small:27.3 big:25.2 thick:23.8 thin:23.7

  4축 조합 (사용자가 화면에서 비교하게 되는 라벨 4개)
    현행 : 고유    41종  top1  54.77%  H 2.29bit  ★두 사용자 4축 전부 동일 33.82%
    v786 : 고유   248종  top1   2.86%  H 7.22bit  ★두 사용자 4축 전부 동일 0.88%
    v786 24축 시그니처: 고유 20000종  top1 0.01%  H 14.29bit  동일확률 0.00%

[3] 종합점수
    현행: 74~95  p05~p95 81~90  SD 2.64  고유값 22  최빈 85(16.38%)
    v786: 65~98  p05~p95 81~95  SD 4.33  고유값 34  최빈 91(10.97%)

[3b] ★축 분리 — 조화도(ABS·절대) vs 특징(REL·상대)
    조화도(和·ABS): 65~98  p05~p95 81~95  SD 4.33  최빈 91(10.97%)
      ⟹ 좁은 것이 정상입니다. 「三停均等」은 순위가 아니라 상태이므로 억지로 벌리면 그게 왜곡입니다.
    특징(格·REL) 상위5축 조합: 고유 19973종  top1 0.01%  H 14.28bit  두 사용자 동일 0.01%
      ⟹ 사람을 구분하는 일은 이쪽이 맡습니다.

[3c] ★五形 부합도 (★단일 확정이 아니라 최고 부합 오행의 분포)
    木:36.8%  水:29.4%  火:20.3%  金:13.5%
    고유 4/4  (土 는 센서 부재로 판정 불가 — 후보에서 제외)  H 1.91bit
      ★원문은 五形마다 색·몸통·살뼈·거동을 함께 본다. 우리가 잰 것은 형태 하나뿐이다.

[4] 사진 종횡비 불변성 (같은 얼굴, 사진 비율만 5종 변경 시 4축 판정 유지율)
    현행 2.96%   v786 100.00%   (표본 5000명)

[5] 도달 불가 분기 해소 여부
    shape  현행 4/4 [long,square,round,inv]   →   v786 4/4 [square,round,inv,long]
    eyes   현행 4/4 [round,narrow,big,droopy]   →   v786 4/4 [round,big,narrow,droopy]
    nose   현행 3/4 [high,small,wide]   →   v786 4/4 [high,hooked,wide,small]
    mouth  현행 2/4 [small,thick]   →   v786 4/4 [big,thick,small,thin]
