[H] 머리선 검출 — 실사진 평가셋
  ok   H1 계측 가능(M 13장) 중 머리선 검출 ≥ 11 — 13/13
  ok   H2 머리선 오차 |Δy|/(머리선→턱) ≤ 0.05 가 80% 이상 · 중앙 ≤ 0.03 — 11/13 · 중앙 0.017
  ok   H3 모자·민머리 4장 전부 「머리카락 없음」 — h04:NO_HAIR h05:NO_HAIR h08:NO_HAIR h10:NO_HAIR
  ok   H4 앞머리 6장 중 계측 불가 판정 ≥ 4 — 5/6 · 놓침 h09
[T] 삼정 — 머리선→눈썹선→코 밑(2)→턱(152)
  ok   T1 머리선 검출된 실사진은 3분 삼정(thirdsParts=3) — 13/13
  ok   T2 실사진 상·중·하정 평균이 각각 [28,38]% (원문 三停均等에 근접) — 32.5 / 35.2 / 32.3
  ok   T3 실사진 삼정 균형 문장 — 한 문장 ≤ 80% — {"매우":5,"대체로":7,"편차":1}
  ok   T4 표준 얼굴(머리카락 없음) → 上停 계측 불가 · 2분 삼정 — parts=2 upper=null
  ok   T5 표준 얼굴 中停/下停 비 ∈ [0.85,1.15] · 2분 균형 ≥ 0.8 (구 0.46) — mid/low 0.911 · thirds 0.907
  ok   T6 앞머리로 계측 불가인 사진은 2분 삼정 · 上停 null — h01:2 h13:2 h15:2 h17:2 h23:2
[P] 프리미엄 삼정 칸
  ok   P1 上停 계측 불가 시 상정 칸이 「계측하지 못했」 안내 — 머리선이 앞머리·모자 등에 가려 상정(이마)은 계측하지
  ok   P2 2분 삼정일 때 균형 문장에 「상정 제외」 표기 — (상정 제외 · 중정과 하정 비교) 삼정이 
  ok   P3 3분 삼정일 때 상정 칸은 해석 문장(계측 불가 아님) — 상정이 길어 초년에 학업운과 부모 복
  ok   P-upper 합성 모집단(머리선 포함) upper 칸 최다 문장 ≤ 90% — 50.6% · 2종
  ok   P-middle 합성 모집단(머리선 포함) middle 칸 최다 문장 ≤ 90% — 51.0% · 2종
  ok   P-lower 합성 모집단(머리선 포함) lower 칸 최다 문장 ≤ 90% — 51.0% · 2종
  INFO 합성 균형(ABS) 최다 48.5% · 3종
[W] 운영 결속
  ok   W1 index.html 이 hair_segmenter float32/1 과 tasks-vision 버전 고정 URL 을 쓴다 — 
  ok   W2 분석 전 머리선 측정(_cwEnsureHair)을 기다린 뒤 분류한다 — 
  ok   W3 사진이 바뀌면 머리선 결과도 지운다(_cwResetAIFrame) — 
[p16_hairline_thirds] total=19 pass=19 fail=0
