[R] 실사진 23장 — REL 축 랭크 분포
  ok   R1 whRatio 중앙 ∈[0.3,0.7] · 양끝 ≤ 9/23 — 중앙 0.33 · 양끝 0/23
  ok   R2 jawRatio 중앙 ∈[0.3,0.7] · 양끝 ≤ 9/23 — 중앙 0.58 · 양끝 0/23
  ok   R3 foreheadRatio 중앙 ∈[0.3,0.7] · 양끝 ≤ 9/23 — 중앙 0.69 · 양끝 0/23
  FAIL R4 eyeAspect 중앙 ∈[0.3,0.7] · 양끝 ≤ 9/23 — 중앙 0.05 · 양끝 16/23
  FAIL R5 eyeSize 중앙 ∈[0.3,0.7] · 양끝 ≤ 9/23 — 중앙 0.96 · 양끝 23/23
  ok   R6 eyeTilt 중앙 ∈[0.3,0.7] · 양끝 ≤ 9/23 — 중앙 0.38 · 양끝 0/23
  FAIL R7 noseWRatio 중앙 ∈[0.3,0.7] · 양끝 ≤ 9/23 — 중앙 0.97 · 양끝 23/23
  FAIL R8 noseHRatio 중앙 ∈[0.3,0.7] · 양끝 ≤ 9/23 — 중앙 0.92 · 양끝 15/23
  FAIL R9 noseDorsum 중앙 ∈[0.3,0.7] · 양끝 ≤ 9/23 — 중앙 0.77 · 양끝 0/23
  FAIL R10 mouthRatio 중앙 ∈[0.3,0.7] · 양끝 ≤ 9/23 — 중앙 0.92 · 양끝 13/23
  FAIL R11 lipThickness 중앙 ∈[0.3,0.7] · 양끝 ≤ 9/23 — 중앙 0.93 · 양끝 12/23
  FAIL R12 myungGung 중앙 ∈[0.3,0.7] · 양끝 ≤ 9/23 — 중앙 0.92 · 양끝 17/23
  ok   R13 jaNyeo 중앙 ∈[0.3,0.7] · 양끝 ≤ 9/23 — 중앙 0.65 · 양끝 3/23
  FAIL R14 jilAek 중앙 ∈[0.3,0.7] · 양끝 ≤ 9/23 — 중앙 0.89 · 양끝 9/23
  FAIL R15 jeonTaek 중앙 ∈[0.3,0.7] · 양끝 ≤ 9/23 — 중앙 0.31 · 양끝 12/23
  FAIL R16 browLength 중앙 ∈[0.3,0.7] · 양끝 ≤ 9/23 — 중앙 0.93 · 양끝 18/23
  FAIL R17 browAngle 중앙 ∈[0.3,0.7] · 양끝 ≤ 9/23 — 중앙 0.75 · 양끝 2/23
  ok   R18 browThick 중앙 ∈[0.3,0.7] · 양끝 ≤ 9/23 — 중앙 0.42 · 양끝 1/23
  ok   R19 gwanGol 중앙 ∈[0.3,0.7] · 양끝 ≤ 9/23 — 중앙 0.45 · 양끝 0/23
  FAIL R20 inJung 중앙 ∈[0.3,0.7] · 양끝 ≤ 9/23 — 중앙 0.73 · 양끝 0/23
  FAIL R21 chin 중앙 ∈[0.3,0.7] · 양끝 ≤ 9/23 — 중앙 0.00 · 양끝 21/23
  ok   R22 upperOverRest 중앙 ∈[0.3,0.7] · 양끝 ≤ 7/14 — 중앙 0.68 · 양끝 2/14
  FAIL R23 midOverLow 중앙 ∈[0.3,0.7] · 양끝 ≤ 9/23 — 중앙 0.91 · 양끝 12/23
  INFO 무료 분류 분포(실사진 23장): {"s":{"long":6,"square":7,"inv":10},"e":{"big":23},"n":{"wide":23},"m":{"thick":14,"thin":2,"big":7}}
[p17_real_anchor] total=23 pass=8 fail=15 · FAIL R4,R5,R7,R8,R9,R10,R11,R12,R14,R15,R16,R17,R20,R21,R23
