[R] 실사진 23장 — REL 축 랭크 분포
  ok   R1 whRatio 중앙 ∈[0.3,0.7] · 양끝 ≤ 9/23 — 중앙 0.53 · 양끝 5/23
  ok   R2 jawRatio 중앙 ∈[0.3,0.7] · 양끝 ≤ 9/23 — 중앙 0.51 · 양끝 7/23
  ok   R3 foreheadRatio 중앙 ∈[0.3,0.7] · 양끝 ≤ 9/23 — 중앙 0.45 · 양끝 3/23
  ok   R4 eyeAspect 중앙 ∈[0.3,0.7] · 양끝 ≤ 9/23 — 중앙 0.51 · 양끝 3/23
  ok   R5 eyeSize 중앙 ∈[0.3,0.7] · 양끝 ≤ 9/23 — 중앙 0.42 · 양끝 4/23
  ok   R6 eyeTilt 중앙 ∈[0.3,0.7] · 양끝 ≤ 9/23 — 중앙 0.65 · 양끝 4/23
  ok   R7 noseWRatio 중앙 ∈[0.3,0.7] · 양끝 ≤ 9/23 — 중앙 0.50 · 양끝 6/23
  ok   R8 noseHRatio 중앙 ∈[0.3,0.7] · 양끝 ≤ 9/23 — 중앙 0.40 · 양끝 6/23
  ok   R9 noseDorsum 중앙 ∈[0.3,0.7] · 양끝 ≤ 9/23 — 중앙 0.36 · 양끝 5/23
  ok   R10 mouthRatio 중앙 ∈[0.3,0.7] · 양끝 ≤ 9/23 — 중앙 0.38 · 양끝 5/23
  ok   R11 lipThickness 중앙 ∈[0.3,0.7] · 양끝 ≤ 9/23 — 중앙 0.66 · 양끝 5/23
  ok   R12 myungGung 중앙 ∈[0.3,0.7] · 양끝 ≤ 9/23 — 중앙 0.48 · 양끝 4/23
  ok   R13 jaNyeo 중앙 ∈[0.3,0.7] · 양끝 ≤ 9/23 — 중앙 0.48 · 양끝 5/23
  ok   R14 jilAek 중앙 ∈[0.3,0.7] · 양끝 ≤ 9/23 — 중앙 0.42 · 양끝 3/23
  ok   R15 jeonTaek 중앙 ∈[0.3,0.7] · 양끝 ≤ 9/23 — 중앙 0.47 · 양끝 5/23
  ok   R16 browLength 중앙 ∈[0.3,0.7] · 양끝 ≤ 9/23 — 중앙 0.63 · 양끝 6/23
  ok   R17 browAngle 중앙 ∈[0.3,0.7] · 양끝 ≤ 9/23 — 중앙 0.51 · 양끝 5/23
  ok   R18 browThick 중앙 ∈[0.3,0.7] · 양끝 ≤ 9/23 — 중앙 0.51 · 양끝 6/23
  ok   R19 gwanGol 중앙 ∈[0.3,0.7] · 양끝 ≤ 9/23 — 중앙 0.55 · 양끝 5/23
  ok   R20 inJung 중앙 ∈[0.3,0.7] · 양끝 ≤ 9/23 — 중앙 0.53 · 양끝 0/23
  ok   R21 chin 중앙 ∈[0.3,0.7] · 양끝 ≤ 9/23 — 중앙 0.55 · 양끝 6/23
  ok   R22 upperOverRest 중앙 ∈[0.3,0.7] · 양끝 ≤ 7/14 — 중앙 0.60 · 양끝 2/14
  ok   R23 midOverLow 중앙 ∈[0.3,0.7] · 양끝 ≤ 9/23 — 중앙 0.54 · 양끝 8/23
  INFO 무료 분류 분포(실사진 23장): {"s":{"long":6,"square":7,"inv":10},"e":{"droopy":6,"big":8,"narrow":2,"round":7},"n":{"high":12,"wide":7,"hooked":1,"small":3},"m":{"big":5,"small":4,"thin":7,"thick":7}}
[p17_real_anchor] total=23 pass=23 fail=0
